{"__type":"$$EventMessageAudit","id":"d6a4eace-9fc4-44d6-9089-2e66c4f16df1","ts":"2026-06-21T16:38:18.175-04:00","eventName":"n8n.audit.workflow.activated","message":"n8n.audit.workflow.activated","payload":{"workflowId":"lnjOwW0PVvKi8GMI","workflowName":"IPC to BNS Extractor v2","activeVersionId":"fb6d349b-01f9-46d4-b200-6ecd5797cbef","activationMode":"init"}}
{"__type":"$$EventMessageConfirm","confirm":"d6a4eace-9fc4-44d6-9089-2e66c4f16df1","ts":"2026-06-21T16:38:18.179-04:00","source":{"id":"0","name":"eventBus"}}
{"__type":"$$EventMessageAudit","id":"903ce468-c2f0-4288-9298-5d4fd7653237","ts":"2026-06-21T16:38:20.894-04:00","eventName":"n8n.audit.workflow.executed","message":"n8n.audit.workflow.executed","payload":{"workflowId":"lnjOwW0PVvKi8GMI","workflowName":"IPC to BNS Extractor v2","executionId":"1","source":"webhook"}}
{"__type":"$$EventMessageConfirm","confirm":"903ce468-c2f0-4288-9298-5d4fd7653237","ts":"2026-06-21T16:38:20.894-04:00","source":{"id":"0","name":"eventBus"}}
{"__type":"$$EventMessageWorkflow","id":"a7d55768-a1ea-4db9-976b-4692bdafe982","ts":"2026-06-21T16:38:20.896-04:00","eventName":"n8n.workflow.started","message":"n8n.workflow.started","payload":{"executionId":"1","workflowId":"lnjOwW0PVvKi8GMI","isManual":false,"mode":"webhook","workflowName":"IPC to BNS Extractor v2","projectId":"I3EHoD7bhFqU9P6S","projectName":"Aritram Dutta <aritramdutta96@gmail.com>"}}
{"__type":"$$EventMessageConfirm","confirm":"a7d55768-a1ea-4db9-976b-4692bdafe982","ts":"2026-06-21T16:38:20.897-04:00","source":{"id":"0","name":"eventBus"}}
{"__type":"$$EventMessageNode","id":"d09ca9f1-e873-4619-b1a7-bb7e86cb7e71","ts":"2026-06-21T16:38:20.899-04:00","eventName":"n8n.node.started","message":"n8n.node.started","payload":{"workflowId":"lnjOwW0PVvKi8GMI","workflowName":"IPC to BNS Extractor v2","executionId":"1","nodeType":"n8n-nodes-base.webhook","nodeName":"Webhook","nodeId":"fb2cfd4d-6cb4-4c91-ab0c-cf9fdada19ca"}}
{"__type":"$$EventMessageConfirm","confirm":"d09ca9f1-e873-4619-b1a7-bb7e86cb7e71","ts":"2026-06-21T16:38:20.911-04:00","source":{"id":"0","name":"eventBus"}}
{"__type":"$$EventMessageNode","id":"0a706aaa-a328-4223-9a94-4188c72535ed","ts":"2026-06-21T16:38:20.930-04:00","eventName":"n8n.node.finished","message":"n8n.node.finished","payload":{"workflowId":"lnjOwW0PVvKi8GMI","workflowName":"IPC to BNS Extractor v2","executionId":"1","nodeType":"n8n-nodes-base.webhook","nodeName":"Webhook","nodeId":"fb2cfd4d-6cb4-4c91-ab0c-cf9fdada19ca"}}
{"__type":"$$EventMessageConfirm","confirm":"0a706aaa-a328-4223-9a94-4188c72535ed","ts":"2026-06-21T16:38:20.944-04:00","source":{"id":"0","name":"eventBus"}}
{"__type":"$$EventMessageNode","id":"7272640f-b775-4eb7-b2af-d4dd9d10c84b","ts":"2026-06-21T16:38:20.947-04:00","eventName":"n8n.node.started","message":"n8n.node.started","payload":{"workflowId":"lnjOwW0PVvKi8GMI","workflowName":"IPC to BNS Extractor v2","executionId":"1","nodeType":"n8n-nodes-base.code","nodeName":"Detect Input Type","nodeId":"bdbacc95-5c83-471a-adff-cfccc7b6f2cd"}}
{"__type":"$$EventMessageConfirm","confirm":"7272640f-b775-4eb7-b2af-d4dd9d10c84b","ts":"2026-06-21T16:38:20.948-04:00","source":{"id":"0","name":"eventBus"}}
{"__type":"$$EventMessageRunner","id":"26f2268a-6b7f-4fe9-84de-02240acd3579","ts":"2026-06-21T16:38:27.396-04:00","eventName":"n8n.runner.task.requested","message":"n8n.runner.task.requested","payload":{"taskId":"4NhGfA36","nodeId":"bdbacc95-5c83-471a-adff-cfccc7b6f2cd","workflowId":"lnjOwW0PVvKi8GMI","executionId":"1"}}
{"__type":"$$EventMessageConfirm","confirm":"26f2268a-6b7f-4fe9-84de-02240acd3579","ts":"2026-06-21T16:38:27.396-04:00","source":{"id":"0","name":"eventBus"}}
{"__type":"$$EventMessageRunner","id":"099a6e94-cb6d-47fb-88be-84c5dd0a4c13","ts":"2026-06-21T16:38:27.968-04:00","eventName":"n8n.runner.response.received","message":"n8n.runner.response.received","payload":{"taskId":"4NhGfA36","nodeId":"bdbacc95-5c83-471a-adff-cfccc7b6f2cd","workflowId":"lnjOwW0PVvKi8GMI","executionId":"1"}}
{"__type":"$$EventMessageConfirm","confirm":"099a6e94-cb6d-47fb-88be-84c5dd0a4c13","ts":"2026-06-21T16:38:27.969-04:00","source":{"id":"0","name":"eventBus"}}
{"__type":"$$EventMessageNode","id":"51698589-e526-4e08-89ff-de7acff1ee39","ts":"2026-06-21T16:38:27.972-04:00","eventName":"n8n.node.finished","message":"n8n.node.finished","payload":{"workflowId":"lnjOwW0PVvKi8GMI","workflowName":"IPC to BNS Extractor v2","executionId":"1","nodeType":"n8n-nodes-base.code","nodeName":"Detect Input Type","nodeId":"bdbacc95-5c83-471a-adff-cfccc7b6f2cd"}}
{"__type":"$$EventMessageConfirm","confirm":"51698589-e526-4e08-89ff-de7acff1ee39","ts":"2026-06-21T16:38:27.972-04:00","source":{"id":"0","name":"eventBus"}}
{"__type":"$$EventMessageNode","id":"79d1ad3c-03ad-4524-b89d-490424e0332e","ts":"2026-06-21T16:38:27.973-04:00","eventName":"n8n.node.started","message":"n8n.node.started","payload":{"workflowId":"lnjOwW0PVvKi8GMI","workflowName":"IPC to BNS Extractor v2","executionId":"1","nodeType":"n8n-nodes-base.if","nodeName":"Is PDF?","nodeId":"11ac2ecd-7e17-44c0-b14a-9f34a81f0017"}}
{"__type":"$$EventMessageConfirm","confirm":"79d1ad3c-03ad-4524-b89d-490424e0332e","ts":"2026-06-21T16:38:27.973-04:00","source":{"id":"0","name":"eventBus"}}
{"__type":"$$EventMessageNode","id":"1dd20434-b9c4-4244-88e2-8cfbfa3d9c04","ts":"2026-06-21T16:38:28.010-04:00","eventName":"n8n.node.finished","message":"n8n.node.finished","payload":{"workflowId":"lnjOwW0PVvKi8GMI","workflowName":"IPC to BNS Extractor v2","executionId":"1","nodeType":"n8n-nodes-base.if","nodeName":"Is PDF?","nodeId":"11ac2ecd-7e17-44c0-b14a-9f34a81f0017"}}
{"__type":"$$EventMessageConfirm","confirm":"1dd20434-b9c4-4244-88e2-8cfbfa3d9c04","ts":"2026-06-21T16:38:28.010-04:00","source":{"id":"0","name":"eventBus"}}
{"__type":"$$EventMessageNode","id":"6179fe0d-f94f-4283-8902-4f01efb0d015","ts":"2026-06-21T16:38:28.011-04:00","eventName":"n8n.node.started","message":"n8n.node.started","payload":{"workflowId":"lnjOwW0PVvKi8GMI","workflowName":"IPC to BNS Extractor v2","executionId":"1","nodeType":"n8n-nodes-base.extractFromFile","nodeName":"Extract from File1","nodeId":"b32bfdf0-27a8-45b4-b0ec-51424601d247"}}
{"__type":"$$EventMessageConfirm","confirm":"6179fe0d-f94f-4283-8902-4f01efb0d015","ts":"2026-06-21T16:38:28.011-04:00","source":{"id":"0","name":"eventBus"}}
{"__type":"$$EventMessageNode","id":"eb565e8e-772b-4940-a78e-c62f3192f22b","ts":"2026-06-21T16:38:40.318-04:00","eventName":"n8n.node.finished","message":"n8n.node.finished","payload":{"workflowId":"lnjOwW0PVvKi8GMI","workflowName":"IPC to BNS Extractor v2","executionId":"1","nodeType":"n8n-nodes-base.extractFromFile","nodeName":"Extract from File1","nodeId":"b32bfdf0-27a8-45b4-b0ec-51424601d247"}}
{"__type":"$$EventMessageConfirm","confirm":"eb565e8e-772b-4940-a78e-c62f3192f22b","ts":"2026-06-21T16:38:40.318-04:00","source":{"id":"0","name":"eventBus"}}
{"__type":"$$EventMessageNode","id":"9fc445da-cebc-4edd-8935-1c866f1622ed","ts":"2026-06-21T16:38:40.319-04:00","eventName":"n8n.node.started","message":"n8n.node.started","payload":{"workflowId":"lnjOwW0PVvKi8GMI","workflowName":"IPC to BNS Extractor v2","executionId":"1","nodeType":"n8n-nodes-base.code","nodeName":"Normalize PDF Text","nodeId":"40358de6-1d29-4349-8242-d9b21a3b5434"}}
{"__type":"$$EventMessageConfirm","confirm":"9fc445da-cebc-4edd-8935-1c866f1622ed","ts":"2026-06-21T16:38:40.319-04:00","source":{"id":"0","name":"eventBus"}}
{"__type":"$$EventMessageRunner","id":"5156b779-2981-4a4f-b8f7-6aecc9ec1969","ts":"2026-06-21T16:38:48.694-04:00","eventName":"n8n.runner.task.requested","message":"n8n.runner.task.requested","payload":{"taskId":"xlAehgeu","nodeId":"40358de6-1d29-4349-8242-d9b21a3b5434","workflowId":"lnjOwW0PVvKi8GMI","executionId":"1"}}
{"__type":"$$EventMessageConfirm","confirm":"5156b779-2981-4a4f-b8f7-6aecc9ec1969","ts":"2026-06-21T16:38:48.695-04:00","source":{"id":"0","name":"eventBus"}}
{"__type":"$$EventMessageRunner","id":"f4709ce6-9fbd-4dc4-9356-ddc1443d744a","ts":"2026-06-21T16:38:48.775-04:00","eventName":"n8n.runner.response.received","message":"n8n.runner.response.received","payload":{"taskId":"xlAehgeu","nodeId":"40358de6-1d29-4349-8242-d9b21a3b5434","workflowId":"lnjOwW0PVvKi8GMI","executionId":"1"}}
{"__type":"$$EventMessageConfirm","confirm":"f4709ce6-9fbd-4dc4-9356-ddc1443d744a","ts":"2026-06-21T16:38:48.775-04:00","source":{"id":"0","name":"eventBus"}}
{"__type":"$$EventMessageNode","id":"f6874cb0-273f-43d1-a035-c2cfc701ad88","ts":"2026-06-21T16:38:48.776-04:00","eventName":"n8n.node.finished","message":"n8n.node.finished","payload":{"workflowId":"lnjOwW0PVvKi8GMI","workflowName":"IPC to BNS Extractor v2","executionId":"1","nodeType":"n8n-nodes-base.code","nodeName":"Normalize PDF Text","nodeId":"40358de6-1d29-4349-8242-d9b21a3b5434"}}
{"__type":"$$EventMessageConfirm","confirm":"f6874cb0-273f-43d1-a035-c2cfc701ad88","ts":"2026-06-21T16:38:48.776-04:00","source":{"id":"0","name":"eventBus"}}
{"__type":"$$EventMessageNode","id":"a30905ec-ebd2-495c-995f-4184a446e1d1","ts":"2026-06-21T16:38:48.777-04:00","eventName":"n8n.node.started","message":"n8n.node.started","payload":{"workflowId":"lnjOwW0PVvKi8GMI","workflowName":"IPC to BNS Extractor v2","executionId":"1","nodeType":"n8n-nodes-base.code","nodeName":"Extract IPC sections","nodeId":"33a22380-f6fc-45a9-9655-14228a7c5a8d"}}
{"__type":"$$EventMessageConfirm","confirm":"a30905ec-ebd2-495c-995f-4184a446e1d1","ts":"2026-06-21T16:38:48.777-04:00","source":{"id":"0","name":"eventBus"}}
{"__type":"$$EventMessageRunner","id":"7aa0154f-5e59-46a9-9ae1-69018046d9af","ts":"2026-06-21T16:38:48.792-04:00","eventName":"n8n.runner.task.requested","message":"n8n.runner.task.requested","payload":{"taskId":"9Q6ygGkH","nodeId":"33a22380-f6fc-45a9-9655-14228a7c5a8d","workflowId":"lnjOwW0PVvKi8GMI","executionId":"1"}}
{"__type":"$$EventMessageConfirm","confirm":"7aa0154f-5e59-46a9-9ae1-69018046d9af","ts":"2026-06-21T16:38:48.792-04:00","source":{"id":"0","name":"eventBus"}}
{"__type":"$$EventMessageRunner","id":"c190e6eb-abdc-4d9e-948f-19edf684c946","ts":"2026-06-21T16:38:48.878-04:00","eventName":"n8n.runner.response.received","message":"n8n.runner.response.received","payload":{"taskId":"9Q6ygGkH","nodeId":"33a22380-f6fc-45a9-9655-14228a7c5a8d","workflowId":"lnjOwW0PVvKi8GMI","executionId":"1"}}
{"__type":"$$EventMessageConfirm","confirm":"c190e6eb-abdc-4d9e-948f-19edf684c946","ts":"2026-06-21T16:38:48.879-04:00","source":{"id":"0","name":"eventBus"}}
{"__type":"$$EventMessageNode","id":"bb978fb8-74d0-4d29-9b92-9cec9db81448","ts":"2026-06-21T16:38:48.879-04:00","eventName":"n8n.node.finished","message":"n8n.node.finished","payload":{"workflowId":"lnjOwW0PVvKi8GMI","workflowName":"IPC to BNS Extractor v2","executionId":"1","nodeType":"n8n-nodes-base.code","nodeName":"Extract IPC sections","nodeId":"33a22380-f6fc-45a9-9655-14228a7c5a8d"}}
{"__type":"$$EventMessageConfirm","confirm":"bb978fb8-74d0-4d29-9b92-9cec9db81448","ts":"2026-06-21T16:38:48.879-04:00","source":{"id":"0","name":"eventBus"}}
{"__type":"$$EventMessageNode","id":"97f5407a-8dce-4867-b248-9a2b871f67b0","ts":"2026-06-21T16:38:48.880-04:00","eventName":"n8n.node.started","message":"n8n.node.started","payload":{"workflowId":"lnjOwW0PVvKi8GMI","workflowName":"IPC to BNS Extractor v2","executionId":"1","nodeType":"n8n-nodes-base.code","nodeName":"ipc to bns mapping","nodeId":"03bbef04-8248-4e12-9caf-b1213d12526f"}}
{"__type":"$$EventMessageConfirm","confirm":"97f5407a-8dce-4867-b248-9a2b871f67b0","ts":"2026-06-21T16:38:48.880-04:00","source":{"id":"0","name":"eventBus"}}
{"__type":"$$EventMessageRunner","id":"59470e74-a3fc-4961-99c3-ae9e87f669ab","ts":"2026-06-21T16:38:48.887-04:00","eventName":"n8n.runner.task.requested","message":"n8n.runner.task.requested","payload":{"taskId":"0L-HRSqr","nodeId":"03bbef04-8248-4e12-9caf-b1213d12526f","workflowId":"lnjOwW0PVvKi8GMI","executionId":"1"}}
{"__type":"$$EventMessageConfirm","confirm":"59470e74-a3fc-4961-99c3-ae9e87f669ab","ts":"2026-06-21T16:38:48.887-04:00","source":{"id":"0","name":"eventBus"}}
{"__type":"$$EventMessageRunner","id":"92f964da-fd0c-44e5-9f80-cdad2749be1e","ts":"2026-06-21T16:38:49.137-04:00","eventName":"n8n.runner.response.received","message":"n8n.runner.response.received","payload":{"taskId":"0L-HRSqr","nodeId":"03bbef04-8248-4e12-9caf-b1213d12526f","workflowId":"lnjOwW0PVvKi8GMI","executionId":"1"}}
{"__type":"$$EventMessageConfirm","confirm":"92f964da-fd0c-44e5-9f80-cdad2749be1e","ts":"2026-06-21T16:38:49.137-04:00","source":{"id":"0","name":"eventBus"}}
{"__type":"$$EventMessageNode","id":"b7a43bdc-f683-40ff-8f6b-bb2674cd92e0","ts":"2026-06-21T16:38:49.138-04:00","eventName":"n8n.node.finished","message":"n8n.node.finished","payload":{"workflowId":"lnjOwW0PVvKi8GMI","workflowName":"IPC to BNS Extractor v2","executionId":"1","nodeType":"n8n-nodes-base.code","nodeName":"ipc to bns mapping","nodeId":"03bbef04-8248-4e12-9caf-b1213d12526f"}}
{"__type":"$$EventMessageConfirm","confirm":"b7a43bdc-f683-40ff-8f6b-bb2674cd92e0","ts":"2026-06-21T16:38:49.138-04:00","source":{"id":"0","name":"eventBus"}}
{"__type":"$$EventMessageNode","id":"8276a572-72b7-4d91-bedc-7357a72974f8","ts":"2026-06-21T16:38:49.139-04:00","eventName":"n8n.node.started","message":"n8n.node.started","payload":{"workflowId":"lnjOwW0PVvKi8GMI","workflowName":"IPC to BNS Extractor v2","executionId":"1","nodeType":"n8n-nodes-base.code","nodeName":"generate automaation output","nodeId":"ef8b2e88-a4d6-4c67-90d6-9f22f38c6c61"}}
{"__type":"$$EventMessageConfirm","confirm":"8276a572-72b7-4d91-bedc-7357a72974f8","ts":"2026-06-21T16:38:49.139-04:00","source":{"id":"0","name":"eventBus"}}
{"__type":"$$EventMessageRunner","id":"4b0c3219-9f82-416a-8aaa-9f7bde2344a8","ts":"2026-06-21T16:38:49.151-04:00","eventName":"n8n.runner.task.requested","message":"n8n.runner.task.requested","payload":{"taskId":"NxKr6HGq","nodeId":"ef8b2e88-a4d6-4c67-90d6-9f22f38c6c61","workflowId":"lnjOwW0PVvKi8GMI","executionId":"1"}}
{"__type":"$$EventMessageConfirm","confirm":"4b0c3219-9f82-416a-8aaa-9f7bde2344a8","ts":"2026-06-21T16:38:49.152-04:00","source":{"id":"0","name":"eventBus"}}
{"__type":"$$EventMessageRunner","id":"e3c5cef2-69d1-44c8-bd22-f05244187b7b","ts":"2026-06-21T16:38:49.238-04:00","eventName":"n8n.runner.response.received","message":"n8n.runner.response.received","payload":{"taskId":"NxKr6HGq","nodeId":"ef8b2e88-a4d6-4c67-90d6-9f22f38c6c61","workflowId":"lnjOwW0PVvKi8GMI","executionId":"1"}}
{"__type":"$$EventMessageConfirm","confirm":"e3c5cef2-69d1-44c8-bd22-f05244187b7b","ts":"2026-06-21T16:38:49.239-04:00","source":{"id":"0","name":"eventBus"}}
{"__type":"$$EventMessageNode","id":"0f9f05ce-7af8-480e-be4a-28561851d4b6","ts":"2026-06-21T16:38:49.240-04:00","eventName":"n8n.node.finished","message":"n8n.node.finished","payload":{"workflowId":"lnjOwW0PVvKi8GMI","workflowName":"IPC to BNS Extractor v2","executionId":"1","nodeType":"n8n-nodes-base.code","nodeName":"generate automaation output","nodeId":"ef8b2e88-a4d6-4c67-90d6-9f22f38c6c61"}}
{"__type":"$$EventMessageConfirm","confirm":"0f9f05ce-7af8-480e-be4a-28561851d4b6","ts":"2026-06-21T16:38:49.241-04:00","source":{"id":"0","name":"eventBus"}}
{"__type":"$$EventMessageNode","id":"9aad81ff-36f1-409d-af3b-13af01ea8cac","ts":"2026-06-21T16:38:49.248-04:00","eventName":"n8n.node.started","message":"n8n.node.started","payload":{"workflowId":"lnjOwW0PVvKi8GMI","workflowName":"IPC to BNS Extractor v2","executionId":"1","nodeType":"n8n-nodes-base.respondToWebhook","nodeName":"Respond to Webhook","nodeId":"e679dc48-950c-42c8-928a-62b3a8f874ba"}}
{"__type":"$$EventMessageConfirm","confirm":"9aad81ff-36f1-409d-af3b-13af01ea8cac","ts":"2026-06-21T16:38:49.248-04:00","source":{"id":"0","name":"eventBus"}}
{"__type":"$$EventMessageNode","id":"a8339f7c-f13a-450e-b2db-2ec1c68feaa8","ts":"2026-06-21T16:38:49.312-04:00","eventName":"n8n.node.finished","message":"n8n.node.finished","payload":{"workflowId":"lnjOwW0PVvKi8GMI","workflowName":"IPC to BNS Extractor v2","executionId":"1","nodeType":"n8n-nodes-base.respondToWebhook","nodeName":"Respond to Webhook","nodeId":"e679dc48-950c-42c8-928a-62b3a8f874ba"}}
{"__type":"$$EventMessageConfirm","confirm":"a8339f7c-f13a-450e-b2db-2ec1c68feaa8","ts":"2026-06-21T16:38:49.313-04:00","source":{"id":"0","name":"eventBus"}}
{"__type":"$$EventMessageWorkflow","id":"6b9f48a6-0c5b-4401-9f8c-1a2ba7ef0fe8","ts":"2026-06-21T16:38:49.333-04:00","eventName":"n8n.workflow.success","message":"n8n.workflow.success","payload":{"executionId":"1","success":true,"isManual":false,"mode":"webhook","workflowId":"lnjOwW0PVvKi8GMI","workflowName":"IPC to BNS Extractor v2","projectId":"I3EHoD7bhFqU9P6S","projectName":"Aritram Dutta <aritramdutta96@gmail.com>"}}
{"__type":"$$EventMessageConfirm","confirm":"6b9f48a6-0c5b-4401-9f8c-1a2ba7ef0fe8","ts":"2026-06-21T16:38:49.334-04:00","source":{"id":"0","name":"eventBus"}}
{"__type":"$$EventMessageAudit","id":"80a7f1b2-fcee-493c-a282-c4dad728070c","ts":"2026-06-21T16:40:46.220-04:00","eventName":"n8n.audit.workflow.executed","message":"n8n.audit.workflow.executed","payload":{"workflowId":"lnjOwW0PVvKi8GMI","workflowName":"IPC to BNS Extractor v2","executionId":"2","source":"webhook"}}
{"__type":"$$EventMessageConfirm","confirm":"80a7f1b2-fcee-493c-a282-c4dad728070c","ts":"2026-06-21T16:40:46.237-04:00","source":{"id":"0","name":"eventBus"}}
{"__type":"$$EventMessageWorkflow","id":"e2872c95-5fad-4a60-b33a-ae6215d93736","ts":"2026-06-21T16:40:46.246-04:00","eventName":"n8n.workflow.started","message":"n8n.workflow.started","payload":{"executionId":"2","workflowId":"lnjOwW0PVvKi8GMI","isManual":false,"mode":"webhook","workflowName":"IPC to BNS Extractor v2","projectId":"I3EHoD7bhFqU9P6S","projectName":"Aritram Dutta <aritramdutta96@gmail.com>"}}
{"__type":"$$EventMessageConfirm","confirm":"e2872c95-5fad-4a60-b33a-ae6215d93736","ts":"2026-06-21T16:40:46.247-04:00","source":{"id":"0","name":"eventBus"}}
{"__type":"$$EventMessageNode","id":"ec2dab6e-763a-4d04-9efb-e0a4fcf621eb","ts":"2026-06-21T16:40:46.257-04:00","eventName":"n8n.node.started","message":"n8n.node.started","payload":{"workflowId":"lnjOwW0PVvKi8GMI","workflowName":"IPC to BNS Extractor v2","executionId":"2","nodeType":"n8n-nodes-base.webhook","nodeName":"Webhook","nodeId":"fb2cfd4d-6cb4-4c91-ab0c-cf9fdada19ca"}}
{"__type":"$$EventMessageConfirm","confirm":"ec2dab6e-763a-4d04-9efb-e0a4fcf621eb","ts":"2026-06-21T16:40:46.262-04:00","source":{"id":"0","name":"eventBus"}}
{"__type":"$$EventMessageNode","id":"d034dbb2-beda-4197-b007-71f54dbde552","ts":"2026-06-21T16:40:46.281-04:00","eventName":"n8n.node.finished","message":"n8n.node.finished","payload":{"workflowId":"lnjOwW0PVvKi8GMI","workflowName":"IPC to BNS Extractor v2","executionId":"2","nodeType":"n8n-nodes-base.webhook","nodeName":"Webhook","nodeId":"fb2cfd4d-6cb4-4c91-ab0c-cf9fdada19ca"}}
{"__type":"$$EventMessageConfirm","confirm":"d034dbb2-beda-4197-b007-71f54dbde552","ts":"2026-06-21T16:40:46.307-04:00","source":{"id":"0","name":"eventBus"}}
{"__type":"$$EventMessageNode","id":"5b9a89bd-6ece-481f-9ea4-272dfb7a47ce","ts":"2026-06-21T16:40:46.320-04:00","eventName":"n8n.node.started","message":"n8n.node.started","payload":{"workflowId":"lnjOwW0PVvKi8GMI","workflowName":"IPC to BNS Extractor v2","executionId":"2","nodeType":"n8n-nodes-base.code","nodeName":"Detect Input Type","nodeId":"bdbacc95-5c83-471a-adff-cfccc7b6f2cd"}}
{"__type":"$$EventMessageConfirm","confirm":"5b9a89bd-6ece-481f-9ea4-272dfb7a47ce","ts":"2026-06-21T16:40:46.321-04:00","source":{"id":"0","name":"eventBus"}}
{"__type":"$$EventMessageRunner","id":"4ee4bbd1-994e-4de6-bd76-ab7cbd5d7120","ts":"2026-06-21T16:40:46.475-04:00","eventName":"n8n.runner.task.requested","message":"n8n.runner.task.requested","payload":{"taskId":"1ctWR5Y-","nodeId":"bdbacc95-5c83-471a-adff-cfccc7b6f2cd","workflowId":"lnjOwW0PVvKi8GMI","executionId":"2"}}
{"__type":"$$EventMessageConfirm","confirm":"4ee4bbd1-994e-4de6-bd76-ab7cbd5d7120","ts":"2026-06-21T16:40:46.477-04:00","source":{"id":"0","name":"eventBus"}}
{"__type":"$$EventMessageRunner","id":"ea78c03c-0b4c-40e9-8b3c-bfe788613b07","ts":"2026-06-21T16:40:48.408-04:00","eventName":"n8n.runner.response.received","message":"n8n.runner.response.received","payload":{"taskId":"1ctWR5Y-","nodeId":"bdbacc95-5c83-471a-adff-cfccc7b6f2cd","workflowId":"lnjOwW0PVvKi8GMI","executionId":"2"}}
{"__type":"$$EventMessageConfirm","confirm":"ea78c03c-0b4c-40e9-8b3c-bfe788613b07","ts":"2026-06-21T16:40:48.409-04:00","source":{"id":"0","name":"eventBus"}}
{"__type":"$$EventMessageNode","id":"af72abe9-e2be-45a5-9463-92d250d7fddb","ts":"2026-06-21T16:40:48.425-04:00","eventName":"n8n.node.finished","message":"n8n.node.finished","payload":{"workflowId":"lnjOwW0PVvKi8GMI","workflowName":"IPC to BNS Extractor v2","executionId":"2","nodeType":"n8n-nodes-base.code","nodeName":"Detect Input Type","nodeId":"bdbacc95-5c83-471a-adff-cfccc7b6f2cd"}}
{"__type":"$$EventMessageConfirm","confirm":"af72abe9-e2be-45a5-9463-92d250d7fddb","ts":"2026-06-21T16:40:48.436-04:00","source":{"id":"0","name":"eventBus"}}
{"__type":"$$EventMessageNode","id":"54fcbb31-ba8e-4e63-9f39-fee90bb4e4e2","ts":"2026-06-21T16:40:48.438-04:00","eventName":"n8n.node.started","message":"n8n.node.started","payload":{"workflowId":"lnjOwW0PVvKi8GMI","workflowName":"IPC to BNS Extractor v2","executionId":"2","nodeType":"n8n-nodes-base.if","nodeName":"Is PDF?","nodeId":"11ac2ecd-7e17-44c0-b14a-9f34a81f0017"}}
{"__type":"$$EventMessageConfirm","confirm":"54fcbb31-ba8e-4e63-9f39-fee90bb4e4e2","ts":"2026-06-21T16:40:48.439-04:00","source":{"id":"0","name":"eventBus"}}
{"__type":"$$EventMessageNode","id":"a06fa8c7-ff3b-4032-9896-e2af1461e510","ts":"2026-06-21T16:40:48.472-04:00","eventName":"n8n.node.finished","message":"n8n.node.finished","payload":{"workflowId":"lnjOwW0PVvKi8GMI","workflowName":"IPC to BNS Extractor v2","executionId":"2","nodeType":"n8n-nodes-base.if","nodeName":"Is PDF?","nodeId":"11ac2ecd-7e17-44c0-b14a-9f34a81f0017"}}
{"__type":"$$EventMessageConfirm","confirm":"a06fa8c7-ff3b-4032-9896-e2af1461e510","ts":"2026-06-21T16:40:48.473-04:00","source":{"id":"0","name":"eventBus"}}
{"__type":"$$EventMessageNode","id":"017b4c2e-d1dd-4027-808e-e5aee0cc1e58","ts":"2026-06-21T16:40:48.476-04:00","eventName":"n8n.node.started","message":"n8n.node.started","payload":{"workflowId":"lnjOwW0PVvKi8GMI","workflowName":"IPC to BNS Extractor v2","executionId":"2","nodeType":"n8n-nodes-base.extractFromFile","nodeName":"Extract from File1","nodeId":"b32bfdf0-27a8-45b4-b0ec-51424601d247"}}
{"__type":"$$EventMessageConfirm","confirm":"017b4c2e-d1dd-4027-808e-e5aee0cc1e58","ts":"2026-06-21T16:40:48.479-04:00","source":{"id":"0","name":"eventBus"}}
{"__type":"$$EventMessageNode","id":"befd8524-78ac-44d8-85ed-a0c859ea11ad","ts":"2026-06-21T16:40:54.417-04:00","eventName":"n8n.node.finished","message":"n8n.node.finished","payload":{"workflowId":"lnjOwW0PVvKi8GMI","workflowName":"IPC to BNS Extractor v2","executionId":"2","nodeType":"n8n-nodes-base.extractFromFile","nodeName":"Extract from File1","nodeId":"b32bfdf0-27a8-45b4-b0ec-51424601d247"}}
{"__type":"$$EventMessageConfirm","confirm":"befd8524-78ac-44d8-85ed-a0c859ea11ad","ts":"2026-06-21T16:40:54.426-04:00","source":{"id":"0","name":"eventBus"}}
{"__type":"$$EventMessageNode","id":"9f798f18-eab8-44bc-9816-d0d422537d16","ts":"2026-06-21T16:40:54.427-04:00","eventName":"n8n.node.started","message":"n8n.node.started","payload":{"workflowId":"lnjOwW0PVvKi8GMI","workflowName":"IPC to BNS Extractor v2","executionId":"2","nodeType":"n8n-nodes-base.code","nodeName":"Normalize PDF Text","nodeId":"40358de6-1d29-4349-8242-d9b21a3b5434"}}
{"__type":"$$EventMessageConfirm","confirm":"9f798f18-eab8-44bc-9816-d0d422537d16","ts":"2026-06-21T16:40:54.427-04:00","source":{"id":"0","name":"eventBus"}}
{"__type":"$$EventMessageRunner","id":"a565f0f7-e6d5-4559-a3a3-1fecc67bcb7a","ts":"2026-06-21T16:41:00.800-04:00","eventName":"n8n.runner.task.requested","message":"n8n.runner.task.requested","payload":{"taskId":"5RbH8kuF","nodeId":"40358de6-1d29-4349-8242-d9b21a3b5434","workflowId":"lnjOwW0PVvKi8GMI","executionId":"2"}}
{"__type":"$$EventMessageConfirm","confirm":"a565f0f7-e6d5-4559-a3a3-1fecc67bcb7a","ts":"2026-06-21T16:41:00.800-04:00","source":{"id":"0","name":"eventBus"}}
{"__type":"$$EventMessageRunner","id":"7b63f983-72a2-4aac-959f-a3d56c016405","ts":"2026-06-21T16:41:01.023-04:00","eventName":"n8n.runner.response.received","message":"n8n.runner.response.received","payload":{"taskId":"5RbH8kuF","nodeId":"40358de6-1d29-4349-8242-d9b21a3b5434","workflowId":"lnjOwW0PVvKi8GMI","executionId":"2"}}
{"__type":"$$EventMessageConfirm","confirm":"7b63f983-72a2-4aac-959f-a3d56c016405","ts":"2026-06-21T16:41:01.024-04:00","source":{"id":"0","name":"eventBus"}}
{"__type":"$$EventMessageNode","id":"566f91e2-aa2b-4728-9770-4ea6f2ec5633","ts":"2026-06-21T16:41:01.026-04:00","eventName":"n8n.node.finished","message":"n8n.node.finished","payload":{"workflowId":"lnjOwW0PVvKi8GMI","workflowName":"IPC to BNS Extractor v2","executionId":"2","nodeType":"n8n-nodes-base.code","nodeName":"Normalize PDF Text","nodeId":"40358de6-1d29-4349-8242-d9b21a3b5434"}}
{"__type":"$$EventMessageConfirm","confirm":"566f91e2-aa2b-4728-9770-4ea6f2ec5633","ts":"2026-06-21T16:41:01.026-04:00","source":{"id":"0","name":"eventBus"}}
{"__type":"$$EventMessageNode","id":"1db8be5d-4075-4671-8fac-4e65a90e6e7b","ts":"2026-06-21T16:41:01.032-04:00","eventName":"n8n.node.started","message":"n8n.node.started","payload":{"workflowId":"lnjOwW0PVvKi8GMI","workflowName":"IPC to BNS Extractor v2","executionId":"2","nodeType":"n8n-nodes-base.code","nodeName":"Extract IPC sections","nodeId":"33a22380-f6fc-45a9-9655-14228a7c5a8d"}}
{"__type":"$$EventMessageConfirm","confirm":"1db8be5d-4075-4671-8fac-4e65a90e6e7b","ts":"2026-06-21T16:41:01.032-04:00","source":{"id":"0","name":"eventBus"}}
{"__type":"$$EventMessageRunner","id":"1aed7d30-6833-4de1-9b89-50bd360856e4","ts":"2026-06-21T16:41:01.038-04:00","eventName":"n8n.runner.task.requested","message":"n8n.runner.task.requested","payload":{"taskId":"9xQoJx6Z","nodeId":"33a22380-f6fc-45a9-9655-14228a7c5a8d","workflowId":"lnjOwW0PVvKi8GMI","executionId":"2"}}
{"__type":"$$EventMessageConfirm","confirm":"1aed7d30-6833-4de1-9b89-50bd360856e4","ts":"2026-06-21T16:41:01.038-04:00","source":{"id":"0","name":"eventBus"}}
{"__type":"$$EventMessageRunner","id":"2a6db310-3951-49e4-9a48-b8a1ce6038da","ts":"2026-06-21T16:41:01.129-04:00","eventName":"n8n.runner.response.received","message":"n8n.runner.response.received","payload":{"taskId":"9xQoJx6Z","nodeId":"33a22380-f6fc-45a9-9655-14228a7c5a8d","workflowId":"lnjOwW0PVvKi8GMI","executionId":"2"}}
{"__type":"$$EventMessageConfirm","confirm":"2a6db310-3951-49e4-9a48-b8a1ce6038da","ts":"2026-06-21T16:41:01.130-04:00","source":{"id":"0","name":"eventBus"}}
{"__type":"$$EventMessageNode","id":"ec311901-551d-45aa-9f8c-8893f86d6223","ts":"2026-06-21T16:41:01.133-04:00","eventName":"n8n.node.finished","message":"n8n.node.finished","payload":{"workflowId":"lnjOwW0PVvKi8GMI","workflowName":"IPC to BNS Extractor v2","executionId":"2","nodeType":"n8n-nodes-base.code","nodeName":"Extract IPC sections","nodeId":"33a22380-f6fc-45a9-9655-14228a7c5a8d"}}
{"__type":"$$EventMessageConfirm","confirm":"ec311901-551d-45aa-9f8c-8893f86d6223","ts":"2026-06-21T16:41:01.134-04:00","source":{"id":"0","name":"eventBus"}}
{"__type":"$$EventMessageNode","id":"9728bb49-c25c-486b-b2cf-f58a3fcf9290","ts":"2026-06-21T16:41:01.134-04:00","eventName":"n8n.node.started","message":"n8n.node.started","payload":{"workflowId":"lnjOwW0PVvKi8GMI","workflowName":"IPC to BNS Extractor v2","executionId":"2","nodeType":"n8n-nodes-base.code","nodeName":"ipc to bns mapping","nodeId":"03bbef04-8248-4e12-9caf-b1213d12526f"}}
{"__type":"$$EventMessageConfirm","confirm":"9728bb49-c25c-486b-b2cf-f58a3fcf9290","ts":"2026-06-21T16:41:01.134-04:00","source":{"id":"0","name":"eventBus"}}
{"__type":"$$EventMessageRunner","id":"3bf26f72-e05e-45ec-83b4-c9c24fa74461","ts":"2026-06-21T16:41:01.152-04:00","eventName":"n8n.runner.task.requested","message":"n8n.runner.task.requested","payload":{"taskId":"g_aqvQVe","nodeId":"03bbef04-8248-4e12-9caf-b1213d12526f","workflowId":"lnjOwW0PVvKi8GMI","executionId":"2"}}
{"__type":"$$EventMessageConfirm","confirm":"3bf26f72-e05e-45ec-83b4-c9c24fa74461","ts":"2026-06-21T16:41:01.152-04:00","source":{"id":"0","name":"eventBus"}}
{"__type":"$$EventMessageRunner","id":"1938e59f-e809-4c44-83e5-530399b2a75a","ts":"2026-06-21T16:41:01.789-04:00","eventName":"n8n.runner.response.received","message":"n8n.runner.response.received","payload":{"taskId":"g_aqvQVe","nodeId":"03bbef04-8248-4e12-9caf-b1213d12526f","workflowId":"lnjOwW0PVvKi8GMI","executionId":"2"}}
{"__type":"$$EventMessageConfirm","confirm":"1938e59f-e809-4c44-83e5-530399b2a75a","ts":"2026-06-21T16:41:01.790-04:00","source":{"id":"0","name":"eventBus"}}
{"__type":"$$EventMessageNode","id":"fd2b4952-3826-4d9c-a7fd-59a8f157f570","ts":"2026-06-21T16:41:01.791-04:00","eventName":"n8n.node.finished","message":"n8n.node.finished","payload":{"workflowId":"lnjOwW0PVvKi8GMI","workflowName":"IPC to BNS Extractor v2","executionId":"2","nodeType":"n8n-nodes-base.code","nodeName":"ipc to bns mapping","nodeId":"03bbef04-8248-4e12-9caf-b1213d12526f"}}
{"__type":"$$EventMessageConfirm","confirm":"fd2b4952-3826-4d9c-a7fd-59a8f157f570","ts":"2026-06-21T16:41:01.792-04:00","source":{"id":"0","name":"eventBus"}}
{"__type":"$$EventMessageNode","id":"2bc121d7-1353-45b1-89eb-29bb9ed70f6d","ts":"2026-06-21T16:41:01.792-04:00","eventName":"n8n.node.started","message":"n8n.node.started","payload":{"workflowId":"lnjOwW0PVvKi8GMI","workflowName":"IPC to BNS Extractor v2","executionId":"2","nodeType":"n8n-nodes-base.code","nodeName":"generate automaation output","nodeId":"ef8b2e88-a4d6-4c67-90d6-9f22f38c6c61"}}
{"__type":"$$EventMessageConfirm","confirm":"2bc121d7-1353-45b1-89eb-29bb9ed70f6d","ts":"2026-06-21T16:41:01.792-04:00","source":{"id":"0","name":"eventBus"}}
{"__type":"$$EventMessageRunner","id":"30a35227-bc32-4c0c-a4c2-bc0095fdbca2","ts":"2026-06-21T16:41:01.809-04:00","eventName":"n8n.runner.task.requested","message":"n8n.runner.task.requested","payload":{"taskId":"41pi9Z8l","nodeId":"ef8b2e88-a4d6-4c67-90d6-9f22f38c6c61","workflowId":"lnjOwW0PVvKi8GMI","executionId":"2"}}
{"__type":"$$EventMessageConfirm","confirm":"30a35227-bc32-4c0c-a4c2-bc0095fdbca2","ts":"2026-06-21T16:41:01.816-04:00","source":{"id":"0","name":"eventBus"}}
{"__type":"$$EventMessageRunner","id":"743dd701-3816-4940-a42c-fe85cb86bb77","ts":"2026-06-21T16:41:02.268-04:00","eventName":"n8n.runner.response.received","message":"n8n.runner.response.received","payload":{"taskId":"41pi9Z8l","nodeId":"ef8b2e88-a4d6-4c67-90d6-9f22f38c6c61","workflowId":"lnjOwW0PVvKi8GMI","executionId":"2"}}
{"__type":"$$EventMessageConfirm","confirm":"743dd701-3816-4940-a42c-fe85cb86bb77","ts":"2026-06-21T16:41:02.269-04:00","source":{"id":"0","name":"eventBus"}}
{"__type":"$$EventMessageNode","id":"f3b96dc4-ed71-49ce-921a-bf13fcf1d933","ts":"2026-06-21T16:41:02.269-04:00","eventName":"n8n.node.finished","message":"n8n.node.finished","payload":{"workflowId":"lnjOwW0PVvKi8GMI","workflowName":"IPC to BNS Extractor v2","executionId":"2","nodeType":"n8n-nodes-base.code","nodeName":"generate automaation output","nodeId":"ef8b2e88-a4d6-4c67-90d6-9f22f38c6c61"}}
{"__type":"$$EventMessageConfirm","confirm":"f3b96dc4-ed71-49ce-921a-bf13fcf1d933","ts":"2026-06-21T16:41:02.270-04:00","source":{"id":"0","name":"eventBus"}}
{"__type":"$$EventMessageNode","id":"8f138453-1082-424f-8d7b-415de8da89b3","ts":"2026-06-21T16:41:02.270-04:00","eventName":"n8n.node.started","message":"n8n.node.started","payload":{"workflowId":"lnjOwW0PVvKi8GMI","workflowName":"IPC to BNS Extractor v2","executionId":"2","nodeType":"n8n-nodes-base.respondToWebhook","nodeName":"Respond to Webhook","nodeId":"e679dc48-950c-42c8-928a-62b3a8f874ba"}}
{"__type":"$$EventMessageConfirm","confirm":"8f138453-1082-424f-8d7b-415de8da89b3","ts":"2026-06-21T16:41:02.270-04:00","source":{"id":"0","name":"eventBus"}}
{"__type":"$$EventMessageNode","id":"46151466-1b86-4dbc-9503-52bad826d36f","ts":"2026-06-21T16:41:02.283-04:00","eventName":"n8n.node.finished","message":"n8n.node.finished","payload":{"workflowId":"lnjOwW0PVvKi8GMI","workflowName":"IPC to BNS Extractor v2","executionId":"2","nodeType":"n8n-nodes-base.respondToWebhook","nodeName":"Respond to Webhook","nodeId":"e679dc48-950c-42c8-928a-62b3a8f874ba"}}
{"__type":"$$EventMessageConfirm","confirm":"46151466-1b86-4dbc-9503-52bad826d36f","ts":"2026-06-21T16:41:02.283-04:00","source":{"id":"0","name":"eventBus"}}
{"__type":"$$EventMessageWorkflow","id":"3cc587fa-82b6-4846-987a-dcaf2e55cffe","ts":"2026-06-21T16:41:02.368-04:00","eventName":"n8n.workflow.success","message":"n8n.workflow.success","payload":{"executionId":"2","success":true,"isManual":false,"mode":"webhook","workflowId":"lnjOwW0PVvKi8GMI","workflowName":"IPC to BNS Extractor v2","projectId":"I3EHoD7bhFqU9P6S","projectName":"Aritram Dutta <aritramdutta96@gmail.com>"}}
{"__type":"$$EventMessageConfirm","confirm":"3cc587fa-82b6-4846-987a-dcaf2e55cffe","ts":"2026-06-21T16:41:02.369-04:00","source":{"id":"0","name":"eventBus"}}
